// Jest Snapshot v1, https://goo.gl/fbAQLP

exports[`Home renders the page 1`] = `
<main
  className="flex flex-col justify-between items-center p-12 pt-1 min-h-screen"
>
  <div
    className="flex flex-row self-stretch items-center justify-between"
  >
    <h1
      className="font-bold"
    >
      Mike James Rust - a QA's playground
    </h1>
    <div>
      <div
        className="px-4 flex flex-row items-center"
      >
        <img
          alt="Mike James Rust Logo"
          data-nimg="1"
          decoding="async"
          fetchpriority="high"
          height={6}
          onError={[Function]}
          onLoad={[Function]}
          src="/logo.svg"
          style={
            {
              "color": "transparent",
            }
          }
          width={25}
        />
      </div>
    </div>
  </div>
  <div>
    <img
      alt="My selfie. A handsome chap with long wavy hair, a tidy beard and a big smile"
      className="rounded-2xl"
      data-nimg="1"
      decoding="async"
      fetchpriority="high"
      height={214}
      onError={[Function]}
      onLoad={[Function]}
      src="/_next/image?url=%2Fprofile.jpg&w=384&q=75"
      srcSet="/_next/image?url=%2Fprofile.jpg&w=256&q=75 1x, /_next/image?url=%2Fprofile.jpg&w=384&q=75 2x"
      style={
        {
          "color": "transparent",
        }
      }
      width={180}
    />
  </div>
  <div
    className="grid grid-cols-1 md:grid-cols-2 lg:grid-cols-3"
  >
    <a
      className="p-4 max-w-[16rem] group"
      href="/me-and-my-site"
      onClick={[Function]}
      onMouseEnter={[Function]}
      onTouchStart={[Function]}
    >
      <h2
        className="font-bold my-4"
      >
        Me and my site
         
        <span
          className="inline-block transition-all group-hover:translate-x-1"
        >
          -&gt;
        </span>
      </h2>
      <p
        className="text-sm"
      >
        A first page, with a little about who I am and why I'm doing this.
      </p>
    </a>
    <a
      className="p-4 max-w-[16rem] group"
      href="/"
      onClick={[Function]}
      onMouseEnter={[Function]}
      onTouchStart={[Function]}
    >
      <h2
        className="font-bold my-4"
      >
        Quality topics
         
        <span
          className="inline-block transition-all group-hover:translate-x-1"
        >
          -&gt;
        </span>
      </h2>
      <p
        className="text-sm"
      >
        THIS DOES NOT EXIST YET
      </p>
    </a>
    <a
      className="p-4 max-w-[16rem] group"
      href="/"
      onClick={[Function]}
      onMouseEnter={[Function]}
      onTouchStart={[Function]}
    >
      <h2
        className="font-bold my-4"
      >
        The making of
         
        <span
          className="inline-block transition-all group-hover:translate-x-1"
        >
          -&gt;
        </span>
      </h2>
      <p
        className="text-sm"
      >
        THIS DOES NOT EXIST YET
      </p>
    </a>
  </div>
</main>
`;
